Circuit: * C:\Users\Joel Andreasson\Documents\Solar-project\LTSpice\voltage adder.asc

Direct Newton iteration failed to find .op point.  (Use ".option noopiter" to skip.)
Starting Gmin stepping
Gmin = 10
Gmin = 1.07374
Gmin = 0.115292
Gmin = 0.0123794
Gmin = 0.00132923
Gmin = 0.000142725
Gmin = 1.5325e-005
Gmin = 1.6455e-006
Gmin = 1.76685e-007
Gmin = 1.89714e-008
Gmin = 2.03704e-009
Gmin = 2.18725e-010
Gmin = 2.34854e-011
Gmin = 2.52173e-012
Gmin = 2.70769e-013
Gmin = 0
Gmin stepping succeeded in finding the operating point.


Date: Mon Sep 29 12:43:59 2025
Total elapsed time: 0.047 seconds.

tnom = 27
temp = 27
method = modified trap
totiter = 4393
traniter = 4006
tranpoints = 1374
accept = 1269
rejected = 105
matrix size = 19
fillins = 10
solver = Normal
Matrix Compiler1: 1.30 KB object code size  0.2/0.1/[0.1]
Matrix Compiler2: 1.86 KB object code size  0.2/0.2/[0.1]

